export const snapshot = {};

snapshot[`MyApp 1`] = `
'<!doctype html><html><head><meta charset="utf-8"/><meta name="viewport" content="width=device-width,initial-scale=1.0,maximum-scale=1.0"/><script type="importmap">{
    "imports": {
      "preact": "https://esm.sh/preact@10.26.4",
      "preact/hooks": "https://esm.sh/preact@10.26.4/hooks",
      "preact/debug": "https://esm.sh/preact@10.26.4/debug",
      "preact/devtools": "https://esm.sh/preact@10.26.4/devtools",
      "react": "https://esm.sh/preact@10.26.4",
      "react/jsx-runtime": "https://esm.sh/preact@10.26.4/jsx-runtime",
      "preact/jsx-runtime": "https://esm.sh/preact@10.26.4/jsx-runtime",
      "react-dom": "https://esm.sh/preact@10.26.4/compat/",
      "react-dom/*": "https://esm.sh/preact@10.26.4/compat/*",
      "htm/preact": "https://esm.sh/htm@3.1.1/preact?external=preact",
      "preact-iso": "https://esm.sh/preact-iso@^2.9.0?external=preact",
      "preact-iso/prerender": "/fullsoak",
      "@preact/signals": "https://esm.sh/@preact/signals",
      "fullsoak/preact-iso": "https://esm.sh/preact-iso@^2.9.0?external=preact",
      "@fullsoak/fullsoak/preact-iso": "https://esm.sh/preact-iso@^2.9.0?external=preact",
      "fullsoak": "/fullsoak",
      "@fullsoak/fullsoak": "/fullsoak"
    }
  }</script><link rel="modulepreload" href="/components/MyApp/mount" as="script" type="text/javascript"/><link rel="modulepreload" href="/components/MyApp/index.tsx" as="script" type="text/javascript"/><script type="text/javascript"></script><style></style></head><body><main id="fullsoak-htmlshell-main"><div>My App</div><div class="box">Box 0</div><button type="button">up</button></main><script type="text/javascript">window.preloadedProps = {}</script><script defer type="module" src="/components/MyApp/mount"></script></body></html>'
`;
